src/pages/Dashboard.tsx(126,39): error TS2339: Property 'current_price' does not exist on type 'number'.
src/pages/Dashboard.tsx(127,44): error TS2339: Property 'change_rate' does not exist on type 'number'.
